// Jest Snapshot v1, https://goo.gl/fbAQLP

exports[`RandomName Should render 1`] = `
Array [
  <p
    className="text-black font-bold mb-2"
  >
    Random names generator
  </p>,
  <p
    className="text-black mb-2"
  >
    
  </p>,
  <button
    className="bg-blue-600 text-white font-bold rounded-full p-2 w-1/4"
    onClick={[Function]}
  >
    Get new random name
  </button>,
]
`;
